SQL> SELECT *
  2  FROM EMP;

     EMPNO ENAME      JOB              MGR HIREDATE         SAL       COMM     DEPTNO                                                                                                                   
---------- ---------- --------- ---------- --------- ---------- ---------- ----------                                                                                                                   
      7369 SMITH      CLERK           7902 17-DEC-80        800                    20                                                                                                                   
      7499 ALLEN      SALESMAN        7698 20-FEB-81       1600        300         30                                                                                                                   
      7521 WARD       SALESMAN        7698 22-FEB-81       1250        500         30                                                                                                                   
      7566 JONES      MANAGER         7839 02-APR-81       2975                    20                                                                                                                   
      7654 MARTIN     SALESMAN        7698 28-SEP-81       1250       1400         30                                                                                                                   
      7698 BLAKE      MANAGER         7839 01-MAY-81       2850                    30                                                                                                                   
      7782 CLARK      MANAGER         7839 09-JUN-81       2450                    10                                                                                                                   
      7788 SCOTT      ANALYST         7566 19-APR-87       3000                    20                                                                                                                   
      7839 KING       PRESIDENT            17-NOV-81       5000                    10                                                                                                                   
      7844 TURNER     SALESMAN        7698 08-SEP-81       1500          0         30                                                                                                                   
      7876 ADAMS      CLERK           7788 23-MAY-87       1100                    20                                                                                                                   
      7900 JAMES      CLERK           7698 03-DEC-81        950                    30                                                                                                                   
      7902 FORD       ANALYST         7566 03-DEC-81       3000                    20                                                                                                                   
      7934 MILLER     CLERK           7782 23-JAN-82       1300                    10                                                                                                                   

14 rows selected.

SQL> SELECT * ENAME,SAL
  2  DEOM WMP;
SELECT * ENAME,SAL
         *
ERROR at line 1:
ORA-00923: FROM keyword not found where expected 


SQL> SELECT ENAME,SAL
  2  FROM EMP;

ENAME             SAL                                                                                                                                                                                   
---------- ----------                                                                                                                                                                                   
SMITH             800                                                                                                                                                                                   
ALLEN            1600                                                                                                                                                                                   
WARD             1250                                                                                                                                                                                   
JONES            2975                                                                                                                                                                                   
MARTIN           1250                                                                                                                                                                                   
BLAKE            2850                                                                                                                                                                                   
CLARK            2450                                                                                                                                                                                   
SCOTT            3000                                                                                                                                                                                   
KING             5000                                                                                                                                                                                   
TURNER           1500                                                                                                                                                                                   
ADAMS            1100                                                                                                                                                                                   
JAMES             950                                                                                                                                                                                   
FORD             3000                                                                                                                                                                                   
MILLER           1300                                                                                                                                                                                   

14 rows selected.

SQL> SELECT *
  2  FROM EMP
  3  WHERE SAL > 3000;

     EMPNO ENAME      JOB              MGR HIREDATE         SAL       COMM     DEPTNO                                                                                                                   
---------- ---------- --------- ---------- --------- ---------- ---------- ----------                                                                                                                   
      7839 KING       PRESIDENT            17-NOV-81       5000                    10                                                                                                                   

SQL> SELECT *
  2  FROM EMP
  3  DEPTNO = 10;
DEPTNO = 10
       *
ERROR at line 3:
ORA-00933: SQL command not properly ended 


SQL> SELECT *
  2  FROM EMP
  3  WHERE DEPTNO = 10;

     EMPNO ENAME      JOB              MGR HIREDATE         SAL       COMM     DEPTNO                                                                                                                   
---------- ---------- --------- ---------- --------- ---------- ---------- ----------                                                                                                                   
      7782 CLARK      MANAGER         7839 09-JUN-81       2450                    10                                                                                                                   
      7839 KING       PRESIDENT            17-NOV-81       5000                    10                                                                                                                   
      7934 MILLER     CLERK           7782 23-JAN-82       1300                    10                                                                                                                   

SQL> SELECT *
  2  FROM EMP
  3  WHERE JOB = 'MANAGER';

     EMPNO ENAME      JOB              MGR HIREDATE         SAL       COMM     DEPTNO                                                                                                                   
---------- ---------- --------- ---------- --------- ---------- ---------- ----------                                                                                                                   
      7566 JONES      MANAGER         7839 02-APR-81       2975                    20                                                                                                                   
      7698 BLAKE      MANAGER         7839 01-MAY-81       2850                    30                                                                                                                   
      7782 CLARK      MANAGER         7839 09-JUN-81       2450                    10                                                                                                                   

SQL> SELECT *
  2  FROM EMP
  3  WHERE ENAME LIKE 'A%';

     EMPNO ENAME      JOB              MGR HIREDATE         SAL       COMM     DEPTNO                                                                                                                   
---------- ---------- --------- ---------- --------- ---------- ---------- ----------                                                                                                                   
      7499 ALLEN      SALESMAN        7698 20-FEB-81       1600        300         30                                                                                                                   
      7876 ADAMS      CLERK           7788 23-MAY-87       1100                    20                                                                                                                   

SQL> SELECT *
  2  FROM EMP
  3  WHERE SAL IN BETWEEN 2000 AND 5000;
WHERE SAL IN BETWEEN 2000 AND 5000
             *
ERROR at line 3:
ORA-00936: missing expression 


SQL> SELECT *
  2  FROM EMP
  3  WHERE SAL BETWEEN 2000 AND 5000;

     EMPNO ENAME      JOB              MGR HIREDATE         SAL       COMM     DEPTNO                                                                                                                   
---------- ---------- --------- ---------- --------- ---------- ---------- ----------                                                                                                                   
      7566 JONES      MANAGER         7839 02-APR-81       2975                    20                                                                                                                   
      7698 BLAKE      MANAGER         7839 01-MAY-81       2850                    30                                                                                                                   
      7782 CLARK      MANAGER         7839 09-JUN-81       2450                    10                                                                                                                   
      7788 SCOTT      ANALYST         7566 19-APR-87       3000                    20                                                                                                                   
      7839 KING       PRESIDENT            17-NOV-81       5000                    10                                                                                                                   
      7902 FORD       ANALYST         7566 03-DEC-81       3000                    20                                                                                                                   

6 rows selected.

SQL> SELECT *
  2  FROM EMP
  3  WHERE SAL >= 2000 AND SAL <=5000;

     EMPNO ENAME      JOB              MGR HIREDATE         SAL       COMM     DEPTNO                                                                                                                   
---------- ---------- --------- ---------- --------- ---------- ---------- ----------                                                                                                                   
      7566 JONES      MANAGER         7839 02-APR-81       2975                    20                                                                                                                   
      7698 BLAKE      MANAGER         7839 01-MAY-81       2850                    30                                                                                                                   
      7782 CLARK      MANAGER         7839 09-JUN-81       2450                    10                                                                                                                   
      7788 SCOTT      ANALYST         7566 19-APR-87       3000                    20                                                                                                                   
      7839 KING       PRESIDENT            17-NOV-81       5000                    10                                                                                                                   
      7902 FORD       ANALYST         7566 03-DEC-81       3000                    20                                                                                                                   

6 rows selected.

SQL> SELECT *
  2  FROM EMP
  3  WHERE DEPTNO = 10,20;
WHERE DEPTNO = 10,20
                 *
ERROR at line 3:
ORA-00933: SQL command not properly ended 


SQL> SELECT *
  2  FROM EMP
  3  WHERE DEPTNO IN (10,20);

     EMPNO ENAME      JOB              MGR HIREDATE         SAL       COMM     DEPTNO                                                                                                                   
---------- ---------- --------- ---------- --------- ---------- ---------- ----------                                                                                                                   
      7369 SMITH      CLERK           7902 17-DEC-80        800                    20                                                                                                                   
      7566 JONES      MANAGER         7839 02-APR-81       2975                    20                                                                                                                   
      7782 CLARK      MANAGER         7839 09-JUN-81       2450                    10                                                                                                                   
      7788 SCOTT      ANALYST         7566 19-APR-87       3000                    20                                                                                                                   
      7839 KING       PRESIDENT            17-NOV-81       5000                    10                                                                                                                   
      7876 ADAMS      CLERK           7788 23-MAY-87       1100                    20                                                                                                                   
      7902 FORD       ANALYST         7566 03-DEC-81       3000                    20                                                                                                                   
      7934 MILLER     CLERK           7782 23-JAN-82       1300                    10                                                                                                                   

8 rows selected.

SQL> SELECT *
  2  FROM EMP
  3  WHERE SAL <> 3000;

     EMPNO ENAME      JOB              MGR HIREDATE         SAL       COMM     DEPTNO                                                                                                                   
---------- ---------- --------- ---------- --------- ---------- ---------- ----------                                                                                                                   
      7369 SMITH      CLERK           7902 17-DEC-80        800                    20                                                                                                                   
      7499 ALLEN      SALESMAN        7698 20-FEB-81       1600        300         30                                                                                                                   
      7521 WARD       SALESMAN        7698 22-FEB-81       1250        500         30                                                                                                                   
      7566 JONES      MANAGER         7839 02-APR-81       2975                    20                                                                                                                   
      7654 MARTIN     SALESMAN        7698 28-SEP-81       1250       1400         30                                                                                                                   
      7698 BLAKE      MANAGER         7839 01-MAY-81       2850                    30                                                                                                                   
      7782 CLARK      MANAGER         7839 09-JUN-81       2450                    10                                                                                                                   
      7839 KING       PRESIDENT            17-NOV-81       5000                    10                                                                                                                   
      7844 TURNER     SALESMAN        7698 08-SEP-81       1500          0         30                                                                                                                   
      7876 ADAMS      CLERK           7788 23-MAY-87       1100                    20                                                                                                                   
      7900 JAMES      CLERK           7698 03-DEC-81        950                    30                                                                                                                   
      7934 MILLER     CLERK           7782 23-JAN-82       1300                    10                                                                                                                   

12 rows selected.

SQL> SELECT *
  2  FROM EMP
  3  WHERE JOB <> 'CLERK';

     EMPNO ENAME      JOB              MGR HIREDATE         SAL       COMM     DEPTNO                                                                                                                   
---------- ---------- --------- ---------- --------- ---------- ---------- ----------                                                                                                                   
      7499 ALLEN      SALESMAN        7698 20-FEB-81       1600        300         30                                                                                                                   
      7521 WARD       SALESMAN        7698 22-FEB-81       1250        500         30                                                                                                                   
      7566 JONES      MANAGER         7839 02-APR-81       2975                    20                                                                                                                   
      7654 MARTIN     SALESMAN        7698 28-SEP-81       1250       1400         30                                                                                                                   
      7698 BLAKE      MANAGER         7839 01-MAY-81       2850                    30                                                                                                                   
      7782 CLARK      MANAGER         7839 09-JUN-81       2450                    10                                                                                                                   
      7788 SCOTT      ANALYST         7566 19-APR-87       3000                    20                                                                                                                   
      7839 KING       PRESIDENT            17-NOV-81       5000                    10                                                                                                                   
      7844 TURNER     SALESMAN        7698 08-SEP-81       1500          0         30                                                                                                                   
      7902 FORD       ANALYST         7566 03-DEC-81       3000                    20                                                                                                                   

10 rows selected.

SQL> SELECT *
  2  FROM EMP
  3  SWHERE SAL > 2000 AND JOB = 'SALESMAN';
SWHERE SAL > 2000 AND JOB = 'SALESMAN'
       *
ERROR at line 3:
ORA-00933: SQL command not properly ended 


SQL> SELECT *
  2  FROM EMP
  3  WHERE SAL > 2000
  4  AND JOB = 'SALESMAN';

no rows selected

SQL> SELECT *
  2  FROM EMP
  3  ORDER BY SAL ASC;

     EMPNO ENAME      JOB              MGR HIREDATE         SAL       COMM     DEPTNO                                                                                                                   
---------- ---------- --------- ---------- --------- ---------- ---------- ----------                                                                                                                   
      7369 SMITH      CLERK           7902 17-DEC-80        800                    20                                                                                                                   
      7900 JAMES      CLERK           7698 03-DEC-81        950                    30                                                                                                                   
      7876 ADAMS      CLERK           7788 23-MAY-87       1100                    20                                                                                                                   
      7521 WARD       SALESMAN        7698 22-FEB-81       1250        500         30                                                                                                                   
      7654 MARTIN     SALESMAN        7698 28-SEP-81       1250       1400         30                                                                                                                   
      7934 MILLER     CLERK           7782 23-JAN-82       1300                    10                                                                                                                   
      7844 TURNER     SALESMAN        7698 08-SEP-81       1500          0         30                                                                                                                   
      7499 ALLEN      SALESMAN        7698 20-FEB-81       1600        300         30                                                                                                                   
      7782 CLARK      MANAGER         7839 09-JUN-81       2450                    10                                                                                                                   
      7698 BLAKE      MANAGER         7839 01-MAY-81       2850                    30                                                                                                                   
      7566 JONES      MANAGER         7839 02-APR-81       2975                    20                                                                                                                   
      7788 SCOTT      ANALYST         7566 19-APR-87       3000                    20                                                                                                                   
      7902 FORD       ANALYST         7566 03-DEC-81       3000                    20                                                                                                                   
      7839 KING       PRESIDENT            17-NOV-81       5000                    10                                                                                                                   

14 rows selected.

SQL> SELECT *
  2  FROM EMP
  3  PRDER BY SAL DESC;
PRDER BY SAL DESC
      *
ERROR at line 3:
ORA-00933: SQL command not properly ended 


SQL> SELECT *
  2  FROM EMP
  3  ORDER BY SAL DESC;

     EMPNO ENAME      JOB              MGR HIREDATE         SAL       COMM     DEPTNO                                                                                                                   
---------- ---------- --------- ---------- --------- ---------- ---------- ----------                                                                                                                   
      7839 KING       PRESIDENT            17-NOV-81       5000                    10                                                                                                                   
      7902 FORD       ANALYST         7566 03-DEC-81       3000                    20                                                                                                                   
      7788 SCOTT      ANALYST         7566 19-APR-87       3000                    20                                                                                                                   
      7566 JONES      MANAGER         7839 02-APR-81       2975                    20                                                                                                                   
      7698 BLAKE      MANAGER         7839 01-MAY-81       2850                    30                                                                                                                   
      7782 CLARK      MANAGER         7839 09-JUN-81       2450                    10                                                                                                                   
      7499 ALLEN      SALESMAN        7698 20-FEB-81       1600        300         30                                                                                                                   
      7844 TURNER     SALESMAN        7698 08-SEP-81       1500          0         30                                                                                                                   
      7934 MILLER     CLERK           7782 23-JAN-82       1300                    10                                                                                                                   
      7521 WARD       SALESMAN        7698 22-FEB-81       1250        500         30                                                                                                                   
      7654 MARTIN     SALESMAN        7698 28-SEP-81       1250       1400         30                                                                                                                   
      7876 ADAMS      CLERK           7788 23-MAY-87       1100                    20                                                                                                                   
      7900 JAMES      CLERK           7698 03-DEC-81        950                    30                                                                                                                   
      7369 SMITH      CLERK           7902 17-DEC-80        800                    20                                                                                                                   

14 rows selected.

SQL> SELECT *
  2  FROM EMP
  3  ORDER BY ASC;
ORDER BY ASC
         *
ERROR at line 3:
ORA-00936: missing expression 


SQL> SELECT *
  2  FROM EMP
  3  ORDER BY ENAME ASC;

     EMPNO ENAME      JOB              MGR HIREDATE         SAL       COMM     DEPTNO                                                                                                                   
---------- ---------- --------- ---------- --------- ---------- ---------- ----------                                                                                                                   
      7876 ADAMS      CLERK           7788 23-MAY-87       1100                    20                                                                                                                   
      7499 ALLEN      SALESMAN        7698 20-FEB-81       1600        300         30                                                                                                                   
      7698 BLAKE      MANAGER         7839 01-MAY-81       2850                    30                                                                                                                   
      7782 CLARK      MANAGER         7839 09-JUN-81       2450                    10                                                                                                                   
      7902 FORD       ANALYST         7566 03-DEC-81       3000                    20                                                                                                                   
      7900 JAMES      CLERK           7698 03-DEC-81        950                    30                                                                                                                   
      7566 JONES      MANAGER         7839 02-APR-81       2975                    20                                                                                                                   
      7839 KING       PRESIDENT            17-NOV-81       5000                    10                                                                                                                   
      7654 MARTIN     SALESMAN        7698 28-SEP-81       1250       1400         30                                                                                                                   
      7934 MILLER     CLERK           7782 23-JAN-82       1300                    10                                                                                                                   
      7788 SCOTT      ANALYST         7566 19-APR-87       3000                    20                                                                                                                   
      7369 SMITH      CLERK           7902 17-DEC-80        800                    20                                                                                                                   
      7844 TURNER     SALESMAN        7698 08-SEP-81       1500          0         30                                                                                                                   
      7521 WARD       SALESMAN        7698 22-FEB-81       1250        500         30                                                                                                                   

14 rows selected.

SQL> SELECT *
  2  FROM EMP
  3  
SQL> 
SQL> SELECT UPPER(ENAME)
  2  FROM EMP;

UPPER(ENAM                                                                                                                                                                                              
----------                                                                                                                                                                                              
SMITH                                                                                                                                                                                                   
ALLEN                                                                                                                                                                                                   
WARD                                                                                                                                                                                                    
JONES                                                                                                                                                                                                   
MARTIN                                                                                                                                                                                                  
BLAKE                                                                                                                                                                                                   
CLARK                                                                                                                                                                                                   
SCOTT                                                                                                                                                                                                   
KING                                                                                                                                                                                                    
TURNER                                                                                                                                                                                                  
ADAMS                                                                                                                                                                                                   
JAMES                                                                                                                                                                                                   
FORD                                                                                                                                                                                                    
MILLER                                                                                                                                                                                                  

14 rows selected.

SQL> SELECT LOWER(ENAME)
  2  FROM EMP;

LOWER(ENAM                                                                                                                                                                                              
----------                                                                                                                                                                                              
smith                                                                                                                                                                                                   
allen                                                                                                                                                                                                   
ward                                                                                                                                                                                                    
jones                                                                                                                                                                                                   
martin                                                                                                                                                                                                  
blake                                                                                                                                                                                                   
clark                                                                                                                                                                                                   
scott                                                                                                                                                                                                   
king                                                                                                                                                                                                    
turner                                                                                                                                                                                                  
adams                                                                                                                                                                                                   
james                                                                                                                                                                                                   
ford                                                                                                                                                                                                    
miller                                                                                                                                                                                                  

14 rows selected.

SQL> SELECT LENGTH
  2  FROM EMP;
SELECT LENGTH
       *
ERROR at line 1:
ORA-00904: "LENGTH": invalid identifier 


SQL> 
SQL> SELECT LENGTH(ENAME)
  2  FROM EMP;

LENGTH(ENAME)                                                                                                                                                                                           
-------------                                                                                                                                                                                           
            5                                                                                                                                                                                           
            5                                                                                                                                                                                           
            4                                                                                                                                                                                           
            5                                                                                                                                                                                           
            6                                                                                                                                                                                           
            5                                                                                                                                                                                           
            5                                                                                                                                                                                           
            5                                                                                                                                                                                           
            4                                                                                                                                                                                           
            6                                                                                                                                                                                           
            5                                                                                                                                                                                           
            5                                                                                                                                                                                           
            4                                                                                                                                                                                           
            6                                                                                                                                                                                           

14 rows selected.

SQL> SELECT SYSDATE
  2  FROM DUAL;

SYSDATE                                                                                                                                                                                                 
---------                                                                                                                                                                                               
20-DEC-25                                                                                                                                                                                               

SQL> SELECT ENAME, ROUND(SAL,-2)
  2  FROM EMP;

ENAME      ROUND(SAL,-2)                                                                                                                                                                                
---------- -------------                                                                                                                                                                                
SMITH                800                                                                                                                                                                                
ALLEN               1600                                                                                                                                                                                
WARD                1300                                                                                                                                                                                
JONES               3000                                                                                                                                                                                
MARTIN              1300                                                                                                                                                                                
BLAKE               2900                                                                                                                                                                                
CLARK               2500                                                                                                                                                                                
SCOTT               3000                                                                                                                                                                                
KING                5000                                                                                                                                                                                
TURNER              1500                                                                                                                                                                                
ADAMS               1100                                                                                                                                                                                
JAMES               1000                                                                                                                                                                                
FORD                3000                                                                                                                                                                                
MILLER              1300                                                                                                                                                                                

14 rows selected.

SQL> SELECT ENAME, TO_CHAR(HIREDATE.'MONTH') AS JOINING_MONTH
  2  FROM EMP;
SELECT ENAME, TO_CHAR(HIREDATE.'MONTH') AS JOINING_MONTH
                               *
ERROR at line 1:
ORA-01747: invalid user.table.column, table.column, or column specification 


SQL> SELECT ENAME, TO_CHAR(HIREDATE, 'MONTH') AS JOINING_MONTH
  2  FROM EMP;

ENAME      JOINING_M                                                                                                                                                                                    
---------- ---------                                                                                                                                                                                    
SMITH      DECEMBER                                                                                                                                                                                     
ALLEN      FEBRUARY                                                                                                                                                                                     
WARD       FEBRUARY                                                                                                                                                                                     
JONES      APRIL                                                                                                                                                                                        
MARTIN     SEPTEMBER                                                                                                                                                                                    
BLAKE      MAY                                                                                                                                                                                          
CLARK      JUNE                                                                                                                                                                                         
SCOTT      APRIL                                                                                                                                                                                        
KING       NOVEMBER                                                                                                                                                                                     
TURNER     SEPTEMBER                                                                                                                                                                                    
ADAMS      MAY                                                                                                                                                                                          
JAMES      DECEMBER                                                                                                                                                                                     
FORD       DECEMBER                                                                                                                                                                                     
MILLER     JANUARY                                                                                                                                                                                      

14 rows selected.

SQL> SELECT SUM(SAL) AS TOTAL_SALARY
  2  FROM EMP;

TOTAL_SALARY                                                                                                                                                                                            
------------                                                                                                                                                                                            
       29025                                                                                                                                                                                            

SQL> SELECT AVG(SAL)
  2  FROM EMP;

  AVG(SAL)                                                                                                                                                                                              
----------                                                                                                                                                                                              
2073.21429                                                                                                                                                                                              

SQL> SELECT MAX(SAL)
  2  FROM EMP;

  MAX(SAL)                                                                                                                                                                                              
----------                                                                                                                                                                                              
      5000                                                                                                                                                                                              

SQL> SELECT MIN(SAL)
  2  FROM EMP;

  MIN(SAL)                                                                                                                                                                                              
----------                                                                                                                                                                                              
       800                                                                                                                                                                                              

SQL> SELECT NUMBER(ENAME)
  2  FROM EMP;
SELECT NUMBER(ENAME)
       *
ERROR at line 1:
ORA-00936: missing expression 


SQL> SELECT COUNT(*)
  2  FROM EMP;

  COUNT(*)                                                                                                                                                                                              
----------                                                                                                                                                                                              
        14                                                                                                                                                                                              

SQL> SELECT DEWPTNO,COUNT(*) AS EMPLOYEE_COUNT
  2  FROM EMP
  3  GROUP BY DEPTNO;
SELECT DEWPTNO,COUNT(*) AS EMPLOYEE_COUNT
       *
ERROR at line 1:
ORA-00904: "DEWPTNO": invalid identifier 


SQL> SELECT DEPTNO,COUNT(*) AS EMPLYEE_COUNT
  2  FROM EMP
  3  GROUP BY DEPTNO;

    DEPTNO EMPLYEE_COUNT                                                                                                                                                                                
---------- -------------                                                                                                                                                                                
        30             6                                                                                                                                                                                
        20             5                                                                                                                                                                                
        10             3                                                                                                                                                                                

SQL> SELECT DEPTNO, SUM(SAL) AS TOTAL_SALARY
  2  FROM EMP
  3  GROUP BY DEPTNO;

    DEPTNO TOTAL_SALARY                                                                                                                                                                                 
---------- ------------                                                                                                                                                                                 
        30         9400                                                                                                                                                                                 
        20        10875                                                                                                                                                                                 
        10         8750                                                                                                                                                                                 

SQL> SELECT DEPTNO, AVG(SAL)
  2  FROM EMP
  3  GROUP BY DEPTNO;

    DEPTNO   AVG(SAL)                                                                                                                                                                                   
---------- ----------                                                                                                                                                                                   
        30 1566.66667                                                                                                                                                                                   
        20       2175                                                                                                                                                                                   
        10 2916.66667                                                                                                                                                                                   

SQL> SELECT DEPTNO, COUNT(*)
  2  FROM EMP
  3  GROUP BY DEPTNO
  4  HAVING COUNT(*) > 3;

    DEPTNO   COUNT(*)                                                                                                                                                                                   
---------- ----------                                                                                                                                                                                   
        30          6                                                                                                                                                                                   
        20          5                                                                                                                                                                                   

SQL> SELECT JOB, ABG(SAL)
  2  FROM EMP
  3  GROUP BY JOB
  4  HAVING AVG(SAL) > 2500;
SELECT JOB, ABG(SAL)
            *
ERROR at line 1:
ORA-00904: "ABG": invalid identifier 


SQL> SELECT JOB, AVG(SAL)
  2  FROM EMP
  3  GROUP BY JOB
  4  HAVING AVG(SAL) > 2500;

JOB         AVG(SAL)                                                                                                                                                                                    
--------- ----------                                                                                                                                                                                    
PRESIDENT       5000                                                                                                                                                                                    
MANAGER   2758.33333                                                                                                                                                                                    
ANALYST         3000                                                                                                                                                                                    

SQL> SELECT *
  2  FROM EMP
  3  WHERE MAC(SAL);
WHERE MAC(SAL)
             *
ERROR at line 3:
ORA-00920: invalid relational operator 


SQL> SELECT *
  2  FROM EMP
  3  WHERE SAL = (SELECT MAX(SAL) FROM EMP);

     EMPNO ENAME      JOB              MGR HIREDATE         SAL       COMM     DEPTNO                                                                                                                   
---------- ---------- --------- ---------- --------- ---------- ---------- ----------                                                                                                                   
      7839 KING       PRESIDENT            17-NOV-81       5000                    10                                                                                                                   

SQL> SELECT *
  2  FROM EMP
  3  WHERE SAL = (SELECT MIN(SAL) FROM EMP);

     EMPNO ENAME      JOB              MGR HIREDATE         SAL       COMM     DEPTNO                                                                                                                   
---------- ---------- --------- ---------- --------- ---------- ---------- ----------                                                                                                                   
      7369 SMITH      CLERK           7902 17-DEC-80        800                    20                                                                                                                   

SQL> SELECT *
  2  FROM EMP
  3  WHERE SAL = (SELECT AVG(SAL) FROM EMP);

no rows selected

SQL> SELECT *
  2  FROM EMP
  3  WHERE SAL > (SELECT AVG(SAL) FROM EMP);

     EMPNO ENAME      JOB              MGR HIREDATE         SAL       COMM     DEPTNO                                                                                                                   
---------- ---------- --------- ---------- --------- ---------- ---------- ----------                                                                                                                   
      7566 JONES      MANAGER         7839 02-APR-81       2975                    20                                                                                                                   
      7698 BLAKE      MANAGER         7839 01-MAY-81       2850                    30                                                                                                                   
      7782 CLARK      MANAGER         7839 09-JUN-81       2450                    10                                                                                                                   
      7788 SCOTT      ANALYST         7566 19-APR-87       3000                    20                                                                                                                   
      7839 KING       PRESIDENT            17-NOV-81       5000                    10                                                                                                                   
      7902 FORD       ANALYST         7566 03-DEC-81       3000                    20                                                                                                                   

6 rows selected.

SQL> SELECT E.NAME, D.NAME
  2  FROM EMP E
  3  JOIN DEPT D ON E.DEPTNO = D.DEPTNO;
SELECT E.NAME, D.NAME
               *
ERROR at line 1:
ORA-00904: "D"."NAME": invalid identifier 


SQL> SPOOL OFF
