SQL> SEleCT *
  2  FROM EMP;

     EMPNO ENAME      JOB              MGR HIREDATE         SAL       COMM     DEPTNO                                                                                                                   
---------- ---------- --------- ---------- --------- ---------- ---------- ----------                                                                                                                   
      7369 SMITH      CLERK           7902 17-DEC-80        800                    20                                                                                                                   
      7499 ALLEN      SALESMAN        7698 20-FEB-81       1600        300         30                                                                                                                   
      7521 WARD       SALESMAN        7698 22-FEB-81       1250        500         30                                                                                                                   
      7566 JONES      MANAGER         7839 02-APR-81       2975                    20                                                                                                                   
      7654 MARTIN     SALESMAN        7698 28-SEP-81       1250       1400         30                                                                                                                   
      7698 BLAKE      MANAGER         7839 01-MAY-81       2850                    30                                                                                                                   
      7782 CLARK      MANAGER         7839 09-JUN-81       2450                    10                                                                                                                   
      7788 SCOTT      ANALYST         7566 19-APR-87       3000                    20                                                                                                                   
      7839 KING       PRESIDENT            17-NOV-81       5000                    10                                                                                                                   
      7844 TURNER     SALESMAN        7698 08-SEP-81       1500          0         30                                                                                                                   
      7876 ADAMS      CLERK           7788 23-MAY-87       1100                    20                                                                                                                   
      7900 JAMES      CLERK           7698 03-DEC-81        950                    30                                                                                                                   
      7902 FORD       ANALYST         7566 03-DEC-81       3000                    20                                                                                                                   
      7934 MILLER     CLERK           7782 23-JAN-82       1300                    10                                                                                                                   

14 rows selected.

SQL> SELECT *
  2  FROM EMP
  3  WHERE ENAME = JONES;
WHERE ENAME = JONES
              *
ERROR at line 3:
ORA-00904: "JONES": invalid identifier 


SQL> SELECT ENAME,SAL
  2  FROM EMP
  3  WHERE ENAME = JONES;
WHERE ENAME = JONES
              *
ERROR at line 3:
ORA-00904: "JONES": invalid identifier 


SQL> SELECT EMP.SAL,ENAME
  2  FROM EMP
  3  WHERE ENAME = JONES;
WHERE ENAME = JONES
              *
ERROR at line 3:
ORA-00904: "JONES": invalid identifier 


SQL> SELECT SAL, ENAME
  2  FROM EMP
  3  WHERE ENAME="JONES"
  4  
SQL> SELECT SAL, ENAME
  2  FROM EMP
  3  WHERE ENAME="JONES" ;
WHERE ENAME="JONES" 
            *
ERROR at line 3:
ORA-00904: "JONES": invalid identifier 


SQL> SELECT ENAME,SAL
  2  FROM EMP
  3  WHERE ENAME = 'JONES';

ENAME             SAL                                                                                                                                                                                   
---------- ----------                                                                                                                                                                                   
JONES            2975                                                                                                                                                                                   

SQL> SELECT *
  2  
SQL> 
SQL> SELECT *
  2  FROM EMP
  3  WHERE JOB = 'SALESMAN';

     EMPNO ENAME      JOB              MGR HIREDATE         SAL       COMM     DEPTNO                                                                                                                   
---------- ---------- --------- ---------- --------- ---------- ---------- ----------                                                                                                                   
      7499 ALLEN      SALESMAN        7698 20-FEB-81       1600        300         30                                                                                                                   
      7521 WARD       SALESMAN        7698 22-FEB-81       1250        500         30                                                                                                                   
      7654 MARTIN     SALESMAN        7698 28-SEP-81       1250       1400         30                                                                                                                   
      7844 TURNER     SALESMAN        7698 08-SEP-81       1500          0         30                                                                                                                   

SQL> SELECT ENAME,JOB,SAL
  2  FROM EMP
  3  WHERE SAL < 4000;

ENAME      JOB              SAL                                                                                                                                                                         
---------- --------- ----------                                                                                                                                                                         
SMITH      CLERK            800                                                                                                                                                                         
ALLEN      SALESMAN        1600                                                                                                                                                                         
WARD       SALESMAN        1250                                                                                                                                                                         
JONES      MANAGER         2975                                                                                                                                                                         
MARTIN     SALESMAN        1250                                                                                                                                                                         
BLAKE      MANAGER         2850                                                                                                                                                                         
CLARK      MANAGER         2450                                                                                                                                                                         
SCOTT      ANALYST         3000                                                                                                                                                                         
TURNER     SALESMAN        1500                                                                                                                                                                         
ADAMS      CLERK           1100                                                                                                                                                                         
JAMES      CLERK            950                                                                                                                                                                         
FORD       ANALYST         3000                                                                                                                                                                         
MILLER     CLERK           1300                                                                                                                                                                         

13 rows selected.

SQL> SELECT HIREDATE
  2  FROM EMP
  3  WHERE HIREDATE
  4  
SQL> SELECT HIREDATE
  2  FROM EMP
  3  WHERE > 85;
WHERE > 85
      *
ERROR at line 3:
ORA-00936: missing expression 


SQL> SELECT HIREDATE
  2  FROM EMP
  3  WHERE HIREDATE > 85;
WHERE HIREDATE > 85
               *
ERROR at line 3:
ORA-00932: inconsistent datatypes: expected DATE got NUMBER 


SQL> SELECT *
  2  FROM EMP;

     EMPNO ENAME      JOB              MGR HIREDATE         SAL       COMM     DEPTNO                                                                                                                   
---------- ---------- --------- ---------- --------- ---------- ---------- ----------                                                                                                                   
      7369 SMITH      CLERK           7902 17-DEC-80        800                    20                                                                                                                   
      7499 ALLEN      SALESMAN        7698 20-FEB-81       1600        300         30                                                                                                                   
      7521 WARD       SALESMAN        7698 22-FEB-81       1250        500         30                                                                                                                   
      7566 JONES      MANAGER         7839 02-APR-81       2975                    20                                                                                                                   
      7654 MARTIN     SALESMAN        7698 28-SEP-81       1250       1400         30                                                                                                                   
      7698 BLAKE      MANAGER         7839 01-MAY-81       2850                    30                                                                                                                   
      7782 CLARK      MANAGER         7839 09-JUN-81       2450                    10                                                                                                                   
      7788 SCOTT      ANALYST         7566 19-APR-87       3000                    20                                                                                                                   
      7839 KING       PRESIDENT            17-NOV-81       5000                    10                                                                                                                   
      7844 TURNER     SALESMAN        7698 08-SEP-81       1500          0         30                                                                                                                   
      7876 ADAMS      CLERK           7788 23-MAY-87       1100                    20                                                                                                                   
      7900 JAMES      CLERK           7698 03-DEC-81        950                    30                                                                                                                   
      7902 FORD       ANALYST         7566 03-DEC-81       3000                    20                                                                                                                   
      7934 MILLER     CLERK           7782 23-JAN-82       1300                    10                                                                                                                   

14 rows selected.

SQL> SELECT 8
  2  \
  3  
SQL> SELECT *
  2  FROM EMP
  3  WHERE HIREDATE < 85;
WHERE HIREDATE < 85
               *
ERROR at line 3:
ORA-00932: inconsistent datatypes: expected DATE got NUMBER 


SQL> SELECT *
  2  FROM EMP
  3  WHERE HIREDATE AFTER 85;
WHERE HIREDATE AFTER 85
               *
ERROR at line 3:
ORA-00920: invalid relational operator 


SQL> SELECT *
  2  FROM EMP
  3  WHERE HIREDATE
  4  
SQL> 
SQL> 
SQL> 
SQL> SELECT HIREDATE FROM EMP
  2  WHERE HIREDATE > '31-DEC-85';

HIREDATE                                                                                                                                                                                                
---------                                                                                                                                                                                               
19-APR-87                                                                                                                                                                                               
23-MAY-87                                                                                                                                                                                               

SQL> SELECT *
  2  FROM EMP
  3  WHERE SAL = 'SMITH';
WHERE SAL = 'SMITH'
            *
ERROR at line 3:
ORA-01722: invalid number 


SQL> SELECT *
  2  FROM EMP
  3  WHERE SAL*12 = 'SMITH;
ERROR:
ORA-01756: quoted string not properly terminated 


SQL> SELECT *
  2  FROM EMP
  3  
SQL> 
SQL> SELECT *
  2  FROM EMP;

     EMPNO ENAME      JOB              MGR HIREDATE         SAL       COMM     DEPTNO                                                                                                                   
---------- ---------- --------- ---------- --------- ---------- ---------- ----------                                                                                                                   
      7369 SMITH      CLERK           7902 17-DEC-80        800                    20                                                                                                                   
      7499 ALLEN      SALESMAN        7698 20-FEB-81       1600        300         30                                                                                                                   
      7521 WARD       SALESMAN        7698 22-FEB-81       1250        500         30                                                                                                                   
      7566 JONES      MANAGER         7839 02-APR-81       2975                    20                                                                                                                   
      7654 MARTIN     SALESMAN        7698 28-SEP-81       1250       1400         30                                                                                                                   
      7698 BLAKE      MANAGER         7839 01-MAY-81       2850                    30                                                                                                                   
      7782 CLARK      MANAGER         7839 09-JUN-81       2450                    10                                                                                                                   
      7788 SCOTT      ANALYST         7566 19-APR-87       3000                    20                                                                                                                   
      7839 KING       PRESIDENT            17-NOV-81       5000                    10                                                                                                                   
      7844 TURNER     SALESMAN        7698 08-SEP-81       1500          0         30                                                                                                                   
      7876 ADAMS      CLERK           7788 23-MAY-87       1100                    20                                                                                                                   
      7900 JAMES      CLERK           7698 03-DEC-81        950                    30                                                                                                                   
      7902 FORD       ANALYST         7566 03-DEC-81       3000                    20                                                                                                                   
      7934 MILLER     CLERK           7782 23-JAN-82       1300                    10                                                                                                                   

14 rows selected.

SQL> SELECT
  2  
SQL> 
SQL> SELECT *
  2  FROM EMP
  3  WHERE 800*12 = 'SMITH';
WHERE 800*12 = 'SMITH'
               *
ERROR at line 3:
ORA-01722: invalid number 


SQL> SELECT ENAME,SAL*12
  2  FROM EMP
  3  WHERE ENAME = 'SMITH';

ENAME          SAL*12                                                                                                                                                                                   
---------- ----------                                                                                                                                                                                   
SMITH            9600                                                                                                                                                                                   

SQL> SELECT *
  2  FROM EMP
  3  WHERE JOB = 'CLERK';

     EMPNO ENAME      JOB              MGR HIREDATE         SAL       COMM     DEPTNO                                                                                                                   
---------- ---------- --------- ---------- --------- ---------- ---------- ----------                                                                                                                   
      7369 SMITH      CLERK           7902 17-DEC-80        800                    20                                                                                                                   
      7876 ADAMS      CLERK           7788 23-MAY-87       1100                    20                                                                                                                   
      7900 JAMES      CLERK           7698 03-DEC-81        950                    30                                                                                                                   
      7934 MILLER     CLERK           7782 23-JAN-82       1300                    10                                                                                                                   

SQL> SELECT *
  2  FROM EMP
  3  WHERE JOB = 'SALESMAN';

     EMPNO ENAME      JOB              MGR HIREDATE         SAL       COMM     DEPTNO                                                                                                                   
---------- ---------- --------- ---------- --------- ---------- ---------- ----------                                                                                                                   
      7499 ALLEN      SALESMAN        7698 20-FEB-81       1600        300         30                                                                                                                   
      7521 WARD       SALESMAN        7698 22-FEB-81       1250        500         30                                                                                                                   
      7654 MARTIN     SALESMAN        7698 28-SEP-81       1250       1400         30                                                                                                                   
      7844 TURNER     SALESMAN        7698 08-SEP-81       1500          0         30                                                                                                                   

SQL> SELECT *
  2  FROM EMP
  3  WHERE SAL>2000;

     EMPNO ENAME      JOB              MGR HIREDATE         SAL       COMM     DEPTNO                                                                                                                   
---------- ---------- --------- ---------- --------- ---------- ---------- ----------                                                                                                                   
      7566 JONES      MANAGER         7839 02-APR-81       2975                    20                                                                                                                   
      7698 BLAKE      MANAGER         7839 01-MAY-81       2850                    30                                                                                                                   
      7782 CLARK      MANAGER         7839 09-JUN-81       2450                    10                                                                                                                   
      7788 SCOTT      ANALYST         7566 19-APR-87       3000                    20                                                                                                                   
      7839 KING       PRESIDENT            17-NOV-81       5000                    10                                                                                                                   
      7902 FORD       ANALYST         7566 03-DEC-81       3000                    20                                                                                                                   

6 rows selected.

SQL> SELECT ENAME
  2  FROM EMP
  3  WHERE ENAME = 'JONES';

ENAME                                                                                                                                                                                                   
----------                                                                                                                                                                                              
JONES                                                                                                                                                                                                   

SQL> SELECT *
  2  FROM EMP
  3  WHERE ENAME = 'JONES';

     EMPNO ENAME      JOB              MGR HIREDATE         SAL       COMM     DEPTNO                                                                                                                   
---------- ---------- --------- ---------- --------- ---------- ---------- ----------                                                                                                                   
      7566 JONES      MANAGER         7839 02-APR-81       2975                    20                                                                                                                   

SQL> SELECT *
  2  FROM EMP
  3  
SQL> 
SQL> SELECT *
  2  FROM EMP;

     EMPNO ENAME      JOB              MGR HIREDATE         SAL       COMM     DEPTNO                                                                                                                   
---------- ---------- --------- ---------- --------- ---------- ---------- ----------                                                                                                                   
      7369 SMITH      CLERK           7902 17-DEC-80        800                    20                                                                                                                   
      7499 ALLEN      SALESMAN        7698 20-FEB-81       1600        300         30                                                                                                                   
      7521 WARD       SALESMAN        7698 22-FEB-81       1250        500         30                                                                                                                   
      7566 JONES      MANAGER         7839 02-APR-81       2975                    20                                                                                                                   
      7654 MARTIN     SALESMAN        7698 28-SEP-81       1250       1400         30                                                                                                                   
      7698 BLAKE      MANAGER         7839 01-MAY-81       2850                    30                                                                                                                   
      7782 CLARK      MANAGER         7839 09-JUN-81       2450                    10                                                                                                                   
      7788 SCOTT      ANALYST         7566 19-APR-87       3000                    20                                                                                                                   
      7839 KING       PRESIDENT            17-NOV-81       5000                    10                                                                                                                   
      7844 TURNER     SALESMAN        7698 08-SEP-81       1500          0         30                                                                                                                   
      7876 ADAMS      CLERK           7788 23-MAY-87       1100                    20                                                                                                                   
      7900 JAMES      CLERK           7698 03-DEC-81        950                    30                                                                                                                   
      7902 FORD       ANALYST         7566 03-DEC-81       3000                    20                                                                                                                   
      7934 MILLER     CLERK           7782 23-JAN-82       1300                    10                                                                                                                   

14 rows selected.

SQL> SELECT *
  2  FROM EMP
  3  WHERE HIREDATE < 01-JAN-81;
WHERE HIREDATE < 01-JAN-81
                    *
ERROR at line 3:
ORA-00904: "JAN": invalid identifier 


SQL> SELECT *
  2  FROM EMP
  3  WHERE HIREDATE < '01-JAN-81';

     EMPNO ENAME      JOB              MGR HIREDATE         SAL       COMM     DEPTNO                                                                                                                   
---------- ---------- --------- ---------- --------- ---------- ---------- ----------                                                                                                                   
      7369 SMITH      CLERK           7902 17-DEC-80        800                    20                                                                                                                   

SQL> SELECT *
  2  
SQL> 
SQL> SELECT ENAME,SAL,SAL*12
  2  FROM EMP
  3  WHERE SAL > 12000;

no rows selected

SQL> SELECT ENAME,SAL,SAL*12
  2  FROM EMP
  3  WHERE SAL < 12000;

ENAME             SAL     SAL*12                                                                                                                                                                        
---------- ---------- ----------                                                                                                                                                                        
SMITH             800       9600                                                                                                                                                                        
ALLEN            1600      19200                                                                                                                                                                        
WARD             1250      15000                                                                                                                                                                        
JONES            2975      35700                                                                                                                                                                        
MARTIN           1250      15000                                                                                                                                                                        
BLAKE            2850      34200                                                                                                                                                                        
CLARK            2450      29400                                                                                                                                                                        
SCOTT            3000      36000                                                                                                                                                                        
KING             5000      60000                                                                                                                                                                        
TURNER           1500      18000                                                                                                                                                                        
ADAMS            1100      13200                                                                                                                                                                        
JAMES             950      11400                                                                                                                                                                        
FORD             3000      36000                                                                                                                                                                        
MILLER           1300      15600                                                                                                                                                                        

14 rows selected.

SQL> SELECT *
  2  FROM EMP;

     EMPNO ENAME      JOB              MGR HIREDATE         SAL       COMM     DEPTNO                                                                                                                   
---------- ---------- --------- ---------- --------- ---------- ---------- ----------                                                                                                                   
      7369 SMITH      CLERK           7902 17-DEC-80        800                    20                                                                                                                   
      7499 ALLEN      SALESMAN        7698 20-FEB-81       1600        300         30                                                                                                                   
      7521 WARD       SALESMAN        7698 22-FEB-81       1250        500         30                                                                                                                   
      7566 JONES      MANAGER         7839 02-APR-81       2975                    20                                                                                                                   
      7654 MARTIN     SALESMAN        7698 28-SEP-81       1250       1400         30                                                                                                                   
      7698 BLAKE      MANAGER         7839 01-MAY-81       2850                    30                                                                                                                   
      7782 CLARK      MANAGER         7839 09-JUN-81       2450                    10                                                                                                                   
      7788 SCOTT      ANALYST         7566 19-APR-87       3000                    20                                                                                                                   
      7839 KING       PRESIDENT            17-NOV-81       5000                    10                                                                                                                   
      7844 TURNER     SALESMAN        7698 08-SEP-81       1500          0         30                                                                                                                   
      7876 ADAMS      CLERK           7788 23-MAY-87       1100                    20                                                                                                                   
      7900 JAMES      CLERK           7698 03-DEC-81        950                    30                                                                                                                   
      7902 FORD       ANALYST         7566 03-DEC-81       3000                    20                                                                                                                   
      7934 MILLER     CLERK           7782 23-JAN-82       1300                    10                                                                                                                   

14 rows selected.

SQL> SELECT EMPNO
  2  FROM EMP
  3  WHERE DEPT = 30;
WHERE DEPT = 30
      *
ERROR at line 3:
ORA-00904: "DEPT": invalid identifier 


SQL> SELECT *
  2  FROM EMP
  3  WHERE
  4  
SQL> SELECT *
  2  FROM DEPT;

    DEPTNO DNAME          LOC                                                                                                                                                                           
---------- -------------- -------------                                                                                                                                                                 
        10 ACCOUNTING     NEW YORK                                                                                                                                                                      
        20 RESEARCH       DALLAS                                                                                                                                                                        
        30 SALES          CHICAGO                                                                                                                                                                       
        40 OPERATIONS     BOSTON                                                                                                                                                                        

SQL> SELECT *
  2  FROM DEPT
  3  WHERE DEPT >30;
WHERE DEPT >30
      *
ERROR at line 3:
ORA-00904: "DEPT": invalid identifier 


SQL> SELECT EMPNO
  2  FROM EMP
  3  WHERE DEPTNO = 30;

     EMPNO                                                                                                                                                                                              
----------                                                                                                                                                                                              
      7499                                                                                                                                                                                              
      7521                                                                                                                                                                                              
      7654                                                                                                                                                                                              
      7698                                                                                                                                                                                              
      7844                                                                                                                                                                                              
      7900                                                                                                                                                                                              

6 rows selected.

SQL> SELECT ENAME,HIREDATE
  2  FROM EMP
  3  WHERE HIREDATE < '01-JAN-81';

ENAME      HIREDATE                                                                                                                                                                                     
---------- ---------                                                                                                                                                                                    
SMITH      17-DEC-80                                                                                                                                                                                    

SQL> SELECT *
  2  FROM EMP
  3  WHERE JOB = 'MANAGER';

     EMPNO ENAME      JOB              MGR HIREDATE         SAL       COMM     DEPTNO                                                                                                                   
---------- ---------- --------- ---------- --------- ---------- ---------- ----------                                                                                                                   
      7566 JONES      MANAGER         7839 02-APR-81       2975                    20                                                                                                                   
      7698 BLAKE      MANAGER         7839 01-MAY-81       2850                    30                                                                                                                   
      7782 CLARK      MANAGER         7839 09-JUN-81       2450                    10                                                                                                                   

SQL> SELECT *
  2  FROM EMP
  3  
SQL> 
SQL> SELECT * MR * || ENAME
  2  FROM EMP;
SELECT * MR * || ENAME
         *
ERROR at line 1:
ORA-00923: FROM keyword not found where expected 


SQL> SELECT *MR *||ENAME
  2  FROM EMP;
SELECT *MR *||ENAME
        *
ERROR at line 1:
ORA-00923: FROM keyword not found where expected 


SQL> SELECT *MR *||ENAME
  2  FROM EMP;
SELECT *MR *||ENAME
        *
ERROR at line 1:
ORA-00923: FROM keyword not found where expected 


SQL> SELECT 8MR * ||ENAME
  2  FROM EMP;
SELECT 8MR * ||ENAME
           *
ERROR at line 1:
ORA-00923: FROM keyword not found where expected 


SQL> SELEC *MR *||ENAME
SP2-0734: unknown command beginning "SELEC *MR ..." - rest of line ignored.
SQL> FROM EMP;
SP2-0042: unknown command "FROM EMP" - rest of line ignored.
SQL> 
SQL> SELECT *MR *||ENAME
  2  FROM EMP;
SELECT *MR *||ENAME
        *
ERROR at line 1:
ORA-00923: FROM keyword not found where expected 


SQL> SELECT 'MR' || ENAME
  2  FROM EMP;

'MR'||ENAME                                                                                                                                                                                             
------------                                                                                                                                                                                            
MRSMITH                                                                                                                                                                                                 
MRALLEN                                                                                                                                                                                                 
MRWARD                                                                                                                                                                                                  
MRJONES                                                                                                                                                                                                 
MRMARTIN                                                                                                                                                                                                
MRBLAKE                                                                                                                                                                                                 
MRCLARK                                                                                                                                                                                                 
MRSCOTT                                                                                                                                                                                                 
MRKING                                                                                                                                                                                                  
MRTURNER                                                                                                                                                                                                
MRADAMS                                                                                                                                                                                                 
MRJAMES                                                                                                                                                                                                 
MRFORD                                                                                                                                                                                                  
MRMILLER                                                                                                                                                                                                

14 rows selected.

SQL> SELECT 'HI I AM ' ||ENAME|| ' WORKING AS A ' ||JOB|| ' INJ DEPARTMENT ' ||DEPTNO|| ', EARNING SALARY
  2  
SQL> SPOOL OFF
