SQL> SELECT #
  2  FROM TAB;
SELECT #
       *
ERROR at line 1:
ORA-00911: invalid character 


SQL> SELECT *
  2  from tab;

TNAME                          TABTYPE  CLUSTERID                                                                                                                                                       
------------------------------ ------- ----------                                                                                                                                                       
DEPT                           TABLE                                                                                                                                                                    
EMP                            TABLE                                                                                                                                                                    
BONUS                          TABLE                                                                                                                                                                    
SALGRADE                       TABLE                                                                                                                                                                    

SQL> SELECT *
  2  FROM DEPT;

    DEPTNO DNAME          LOC                                                                                                                                                                           
---------- -------------- -------------                                                                                                                                                                 
        10 ACCOUNTING     NEW YORK                                                                                                                                                                      
        20 RESEARCH       DALLAS                                                                                                                                                                        
        30 SALES          CHICAGO                                                                                                                                                                       
        40 OPERATIONS     BOSTON                                                                                                                                                                        

SQL> SELECT *
  2  FROM EMP
  3  SELECT *
  4  FROM EMP;
SELECT *
*
ERROR at line 3:
ORA-00933: SQL command not properly ended 


SQL> SELECT *
  2  FROM EMP:
  3  SELECT *
  4  
SQL> SELECT *
  2  FROM EMP;

     EMPNO ENAME      JOB              MGR HIREDATE         SAL       COMM     DEPTNO                                                                                                                   
---------- ---------- --------- ---------- --------- ---------- ---------- ----------                                                                                                                   
      7369 SMITH      CLERK           7902 17-DEC-80        800                    20                                                                                                                   
      7499 ALLEN      SALESMAN        7698 20-FEB-81       1600        300         30                                                                                                                   
      7521 WARD       SALESMAN        7698 22-FEB-81       1250        500         30                                                                                                                   
      7566 JONES      MANAGER         7839 02-APR-81       2975                    20                                                                                                                   
      7654 MARTIN     SALESMAN        7698 28-SEP-81       1250       1400         30                                                                                                                   
      7698 BLAKE      MANAGER         7839 01-MAY-81       2850                    30                                                                                                                   
      7782 CLARK      MANAGER         7839 09-JUN-81       2450                    10                                                                                                                   
      7788 SCOTT      ANALYST         7566 19-APR-87       3000                    20                                                                                                                   
      7839 KING       PRESIDENT            17-NOV-81       5000                    10                                                                                                                   
      7844 TURNER     SALESMAN        7698 08-SEP-81       1500          0         30                                                                                                                   
      7876 ADAMS      CLERK           7788 23-MAY-87       1100                    20                                                                                                                   
      7900 JAMES      CLERK           7698 03-DEC-81        950                    30                                                                                                                   
      7902 FORD       ANALYST         7566 03-DEC-81       3000                    20                                                                                                                   
      7934 MILLER     CLERK           7782 23-JAN-82       1300                    10                                                                                                                   

14 rows selected.

SQL> SELECT *
  2  FRPM BONUS;
FRPM BONUS
*
ERROR at line 2:
ORA-00923: FROM keyword not found where expected 


SQL> 
SQL> 
SQL> SELECT *
  2  FROM BONUS;

no rows selected

SQL> SELECT *
  2  FROM SALGRADE;

     GRADE      LOSAL      HISAL                                                                                                                                                                        
---------- ---------- ----------                                                                                                                                                                        
         1        700       1200                                                                                                                                                                        
         2       1201       1400                                                                                                                                                                        
         3       1401       2000                                                                                                                                                                        
         4       2001       3000                                                                                                                                                                        
         5       3001       9999                                                                                                                                                                        

SQL> SELECT *
  2  
SQL> 
SQL> SELECT ENAME
  2  FROM EMP;

ENAME                                                                                                                                                                                                   
----------                                                                                                                                                                                              
SMITH                                                                                                                                                                                                   
ALLEN                                                                                                                                                                                                   
WARD                                                                                                                                                                                                    
JONES                                                                                                                                                                                                   
MARTIN                                                                                                                                                                                                  
BLAKE                                                                                                                                                                                                   
CLARK                                                                                                                                                                                                   
SCOTT                                                                                                                                                                                                   
KING                                                                                                                                                                                                    
TURNER                                                                                                                                                                                                  
ADAMS                                                                                                                                                                                                   
JAMES                                                                                                                                                                                                   
FORD                                                                                                                                                                                                    
MILLER                                                                                                                                                                                                  

14 rows selected.

SQL> SELECT DNAME
  2  DROM EMP;
DROM EMP
     *
ERROR at line 2:
ORA-00923: FROM keyword not found where expected 


SQL> SELECT DNAME
  2  DROM DEPT;
DROM DEPT
     *
ERROR at line 2:
ORA-00923: FROM keyword not found where expected 


SQL> SELECT DNAME
  2  FROM DEPT;

DNAME                                                                                                                                                                                                   
--------------                                                                                                                                                                                          
ACCOUNTING                                                                                                                                                                                              
RESEARCH                                                                                                                                                                                                
SALES                                                                                                                                                                                                   
OPERATIONS                                                                                                                                                                                              

SQL> SELECT ENAME,JOBSAL
  2  FROM EMP;
SELECT ENAME,JOBSAL
             *
ERROR at line 1:
ORA-00904: "JOBSAL": invalid identifier 


SQL> SELECT ENAME,JOB,SAL
  2  FROM EMP;

ENAME      JOB              SAL                                                                                                                                                                         
---------- --------- ----------                                                                                                                                                                         
SMITH      CLERK            800                                                                                                                                                                         
ALLEN      SALESMAN        1600                                                                                                                                                                         
WARD       SALESMAN        1250                                                                                                                                                                         
JONES      MANAGER         2975                                                                                                                                                                         
MARTIN     SALESMAN        1250                                                                                                                                                                         
BLAKE      MANAGER         2850                                                                                                                                                                         
CLARK      MANAGER         2450                                                                                                                                                                         
SCOTT      ANALYST         3000                                                                                                                                                                         
KING       PRESIDENT       5000                                                                                                                                                                         
TURNER     SALESMAN        1500                                                                                                                                                                         
ADAMS      CLERK           1100                                                                                                                                                                         
JAMES      CLERK            950                                                                                                                                                                         
FORD       ANALYST         3000                                                                                                                                                                         
MILLER     CLERK           1300                                                                                                                                                                         

14 rows selected.

SQL> SELECT DNAME,LOC
  2  FROM DEPT;

DNAME          LOC                                                                                                                                                                                      
-------------- -------------                                                                                                                                                                            
ACCOUNTING     NEW YORK                                                                                                                                                                                 
RESEARCH       DALLAS                                                                                                                                                                                   
SALES          CHICAGO                                                                                                                                                                                  
OPERATIONS     BOSTON                                                                                                                                                                                   

SQL> SPOOL OFF
