SQL> SELECT *
  2  FROM TAB;

TNAME                          TABTYPE  CLUSTERID                                                                                                                                                       
------------------------------ ------- ----------                                                                                                                                                       
DEPT                           TABLE                                                                                                                                                                    
EMP                            TABLE                                                                                                                                                                    
BONUS                          TABLE                                                                                                                                                                    
SALGRADE                       TABLE                                                                                                                                                                    

SQL> SELECT EMP
  2  FROM EMP;
SELECT EMP
       *
ERROR at line 1:
ORA-00904: "EMP": invalid identifier 


SQL> SELECT *
  2  FROM EMP;

     EMPNO ENAME      JOB              MGR HIREDATE         SAL       COMM     DEPTNO                                                                                                                   
---------- ---------- --------- ---------- --------- ---------- ---------- ----------                                                                                                                   
      7369 SMITH      CLERK           7902 17-DEC-80        800                    20                                                                                                                   
      7499 ALLEN      SALESMAN        7698 20-FEB-81       1600        300         30                                                                                                                   
      7521 WARD       SALESMAN        7698 22-FEB-81       1250        500         30                                                                                                                   
      7566 JONES      MANAGER         7839 02-APR-81       2975                    20                                                                                                                   
      7654 MARTIN     SALESMAN        7698 28-SEP-81       1250       1400         30                                                                                                                   
      7698 BLAKE      MANAGER         7839 01-MAY-81       2850                    30                                                                                                                   
      7782 CLARK      MANAGER         7839 09-JUN-81       2450                    10                                                                                                                   
      7788 SCOTT      ANALYST         7566 19-APR-87       3000                    20                                                                                                                   
      7839 KING       PRESIDENT            17-NOV-81       5000                    10                                                                                                                   
      7844 TURNER     SALESMAN        7698 08-SEP-81       1500          0         30                                                                                                                   
      7876 ADAMS      CLERK           7788 23-MAY-87       1100                    20                                                                                                                   
      7900 JAMES      CLERK           7698 03-DEC-81        950                    30                                                                                                                   
      7902 FORD       ANALYST         7566 03-DEC-81       3000                    20                                                                                                                   
      7934 MILLER     CLERK           7782 23-JAN-82       1300                    10                                                                                                                   

14 rows selected.

SQL> SELECT DISTINCT JON
  2  FROM EMP;
SELECT DISTINCT JON
                *
ERROR at line 1:
ORA-00904: "JON": invalid identifier 


SQL> SELECT DISTINCT JOB
  2  FROM EMP;

JOB                                                                                                                                                                                                     
---------                                                                                                                                                                                               
CLERK                                                                                                                                                                                                   
SALESMAN                                                                                                                                                                                                
PRESIDENT                                                                                                                                                                                               
MANAGER                                                                                                                                                                                                 
ANALYST                                                                                                                                                                                                 

SQL> SELECT DISTINCT DEPTNO
  2  FROM EMP;

    DEPTNO                                                                                                                                                                                              
----------                                                                                                                                                                                              
        30                                                                                                                                                                                              
        20                                                                                                                                                                                              
        10                                                                                                                                                                                              

SQL> SELECT DISTINCT SALARY
  2  FROM EMO;
FROM EMO
     *
ERROR at line 2:
ORA-00942: table or view does not exist 


SQL> SELECT DISTINCT SALARY
  2  FROM EMP;
SELECT DISTINCT SALARY
                *
ERROR at line 1:
ORA-00904: "SALARY": invalid identifier 


SQL> SELECT DISTINCT SALARY
  2  FROM EMP;
SELECT DISTINCT SALARY
                *
ERROR at line 1:
ORA-00904: "SALARY": invalid identifier 


SQL> SELECT DISTINCT SAL
  2  FROM EMP;

       SAL                                                                                                                                                                                              
----------                                                                                                                                                                                              
      2450                                                                                                                                                                                              
      5000                                                                                                                                                                                              
      1300                                                                                                                                                                                              
      1250                                                                                                                                                                                              
      2850                                                                                                                                                                                              
      2975                                                                                                                                                                                              
      1100                                                                                                                                                                                              
      3000                                                                                                                                                                                              
       800                                                                                                                                                                                              
      1600                                                                                                                                                                                              
      1500                                                                                                                                                                                              
       950                                                                                                                                                                                              

12 rows selected.

SQL> SELECT DISTINCT JOB,SAL
  2  FROM EMP;

JOB              SAL                                                                                                                                                                                    
--------- ----------                                                                                                                                                                                    
CLERK           1300                                                                                                                                                                                    
SALESMAN        1600                                                                                                                                                                                    
SALESMAN        1250                                                                                                                                                                                    
CLERK            950                                                                                                                                                                                    
CLERK            800                                                                                                                                                                                    
MANAGER         2450                                                                                                                                                                                    
PRESIDENT       5000                                                                                                                                                                                    
ANALYST         3000                                                                                                                                                                                    
MANAGER         2850                                                                                                                                                                                    
MANAGER         2975                                                                                                                                                                                    
SALESMAN        1500                                                                                                                                                                                    
CLERK           1100                                                                                                                                                                                    

12 rows selected.

SQL> SELECT SAL*12
  2  FROM EMP;

    SAL*12                                                                                                                                                                                              
----------                                                                                                                                                                                              
      9600                                                                                                                                                                                              
     19200                                                                                                                                                                                              
     15000                                                                                                                                                                                              
     35700                                                                                                                                                                                              
     15000                                                                                                                                                                                              
     34200                                                                                                                                                                                              
     29400                                                                                                                                                                                              
     36000                                                                                                                                                                                              
     60000                                                                                                                                                                                              
     18000                                                                                                                                                                                              
     13200                                                                                                                                                                                              
     11400                                                                                                                                                                                              
     36000                                                                                                                                                                                              
     15600                                                                                                                                                                                              

14 rows selected.

SQL> SELECT SAL
  2  SELE
  3  
SQL> '
SP2-0042: unknown command "'" - rest of line ignored.
SQL> SELECT SAL+300
  2  FROM EMP;

   SAL+300                                                                                                                                                                                              
----------                                                                                                                                                                                              
      1100                                                                                                                                                                                              
      1900                                                                                                                                                                                              
      1550                                                                                                                                                                                              
      3275                                                                                                                                                                                              
      1550                                                                                                                                                                                              
      3150                                                                                                                                                                                              
      2750                                                                                                                                                                                              
      3300                                                                                                                                                                                              
      5300                                                                                                                                                                                              
      1800                                                                                                                                                                                              
      1400                                                                                                                                                                                              
      1250                                                                                                                                                                                              
      3300                                                                                                                                                                                              
      1600                                                                                                                                                                                              

14 rows selected.

SQL> SELECT SAL+NULL
  2  FROM EMP;

  SAL+NULL                                                                                                                                                                                              
----------                                                                                                                                                                                              
                                                                                                                                                                                                        
                                                                                                                                                                                                        
                                                                                                                                                                                                        
                                                                                                                                                                                                        
                                                                                                                                                                                                        
                                                                                                                                                                                                        
                                                                                                                                                                                                        
                                                                                                                                                                                                        
                                                                                                                                                                                                        
                                                                                                                                                                                                        
                                                                                                                                                                                                        
                                                                                                                                                                                                        
                                                                                                                                                                                                        
                                                                                                                                                                                                        

14 rows selected.

SQL> SELECT COUNT (DISTINCT DEPTNO)
  2  FROM EMP;

COUNT(DISTINCTDEPTNO)                                                                                                                                                                                   
---------------------                                                                                                                                                                                   
                    3                                                                                                                                                                                   

SQL> SELECT DISTINCT SAL
  2  FROM EMP;

       SAL                                                                                                                                                                                              
----------                                                                                                                                                                                              
      2450                                                                                                                                                                                              
      5000                                                                                                                                                                                              
      1300                                                                                                                                                                                              
      1250                                                                                                                                                                                              
      2850                                                                                                                                                                                              
      2975                                                                                                                                                                                              
      1100                                                                                                                                                                                              
      3000                                                                                                                                                                                              
       800                                                                                                                                                                                              
      1600                                                                                                                                                                                              
      1500                                                                                                                                                                                              
       950                                                                                                                                                                                              

12 rows selected.

SQL> SELECT DISTINCT SAL
  2  FROM EMP
  3  WHERE DEPT NO = 10;
WHERE DEPT NO = 10
           *
ERROR at line 3:
ORA-00920: invalid relational operator 


SQL> SELECT DISTINCT SAL
  2  FROM EMP
  3  WHERE DEPTNO = 10;

       SAL                                                                                                                                                                                              
----------                                                                                                                                                                                              
      2450                                                                                                                                                                                              
      5000                                                                                                                                                                                              
      1300                                                                                                                                                                                              

SQL> SPOOL OFF
