SQL> SELECT *
  2  FROM TAB;

TNAME                          TABTYPE  CLUSTERID                                                                                                                                                       
------------------------------ ------- ----------                                                                                                                                                       
DEPT                           TABLE                                                                                                                                                                    
EMP                            TABLE                                                                                                                                                                    
BONUS                          TABLE                                                                                                                                                                    
SALGRADE                       TABLE                                                                                                                                                                    

SQL> SELECT DEPT
  2  FROM DEPT;
SELECT DEPT
       *
ERROR at line 1:
ORA-00904: "DEPT": invalid identifier 


SQL> SELECT *
  2  FROM DEPT;

    DEPTNO DNAME          LOC                                                                                                                                                                           
---------- -------------- -------------                                                                                                                                                                 
        10 ACCOUNTING     NEW YORK                                                                                                                                                                      
        20 RESEARCH       DALLAS                                                                                                                                                                        
        30 SALES          CHICAGO                                                                                                                                                                       
        40 OPERATIONS     BOSTON                                                                                                                                                                        

SQL> SELECT *
  2  FROM EMP;

     EMPNO ENAME      JOB              MGR HIREDATE         SAL       COMM     DEPTNO                                                                                                                   
---------- ---------- --------- ---------- --------- ---------- ---------- ----------                                                                                                                   
      7369 SMITH      CLERK           7902 17-DEC-80        800                    20                                                                                                                   
      7499 ALLEN      SALESMAN        7698 20-FEB-81       1600        300         30                                                                                                                   
      7521 WARD       SALESMAN        7698 22-FEB-81       1250        500         30                                                                                                                   
      7566 JONES      MANAGER         7839 02-APR-81       2975                    20                                                                                                                   
      7654 MARTIN     SALESMAN        7698 28-SEP-81       1250       1400         30                                                                                                                   
      7698 BLAKE      MANAGER         7839 01-MAY-81       2850                    30                                                                                                                   
      7782 CLARK      MANAGER         7839 09-JUN-81       2450                    10                                                                                                                   
      7788 SCOTT      ANALYST         7566 19-APR-87       3000                    20                                                                                                                   
      7839 KING       PRESIDENT            17-NOV-81       5000                    10                                                                                                                   
      7844 TURNER     SALESMAN        7698 08-SEP-81       1500          0         30                                                                                                                   
      7876 ADAMS      CLERK           7788 23-MAY-87       1100                    20                                                                                                                   
      7900 JAMES      CLERK           7698 03-DEC-81        950                    30                                                                                                                   
      7902 FORD       ANALYST         7566 03-DEC-81       3000                    20                                                                                                                   
      7934 MILLER     CLERK           7782 23-JAN-82       1300                    10                                                                                                                   

14 rows selected.

SQL> SELECT *
  2  FROM BONUS;

no rows selected

SQL> SELECT *
  2  FROM SALGRADE;

     GRADE      LOSAL      HISAL                                                                                                                                                                        
---------- ---------- ----------                                                                                                                                                                        
         1        700       1200                                                                                                                                                                        
         2       1201       1400                                                                                                                                                                        
         3       1401       2000                                                                                                                                                                        
         4       2001       3000                                                                                                                                                                        
         5       3001       9999                                                                                                                                                                        

SQL> SELECT ENAME,SAL*12
  2  FROM EMP;

ENAME          SAL*12                                                                                                                                                                                   
---------- ----------                                                                                                                                                                                   
SMITH            9600                                                                                                                                                                                   
ALLEN           19200                                                                                                                                                                                   
WARD            15000                                                                                                                                                                                   
JONES           35700                                                                                                                                                                                   
MARTIN          15000                                                                                                                                                                                   
BLAKE           34200                                                                                                                                                                                   
CLARK           29400                                                                                                                                                                                   
SCOTT           36000                                                                                                                                                                                   
KING            60000                                                                                                                                                                                   
TURNER          18000                                                                                                                                                                                   
ADAMS           13200                                                                                                                                                                                   
JAMES           11400                                                                                                                                                                                   
FORD            36000                                                                                                                                                                                   
MILLER          15600                                                                                                                                                                                   

14 rows selected.

SQL> SELECT ENAME,JOB,SAL*0.5
  2  FROM EMP;

ENAME      JOB          SAL*0.5                                                                                                                                                                         
---------- --------- ----------                                                                                                                                                                         
SMITH      CLERK            400                                                                                                                                                                         
ALLEN      SALESMAN         800                                                                                                                                                                         
WARD       SALESMAN         625                                                                                                                                                                         
JONES      MANAGER       1487.5                                                                                                                                                                         
MARTIN     SALESMAN         625                                                                                                                                                                         
BLAKE      MANAGER         1425                                                                                                                                                                         
CLARK      MANAGER         1225                                                                                                                                                                         
SCOTT      ANALYST         1500                                                                                                                                                                         
KING       PRESIDENT       2500                                                                                                                                                                         
TURNER     SALESMAN         750                                                                                                                                                                         
ADAMS      CLERK            550                                                                                                                                                                         
JAMES      CLERK            475                                                                                                                                                                         
FORD       ANALYST         1500                                                                                                                                                                         
MILLER     CLERK            650                                                                                                                                                                         

14 rows selected.

SQL> SELECT EMP.*, SAL*12+2000
  2  FROM EMP;

     EMPNO ENAME      JOB              MGR HIREDATE         SAL       COMM     DEPTNO SAL*12+2000                                                                                                       
---------- ---------- --------- ---------- --------- ---------- ---------- ---------- -----------                                                                                                       
      7369 SMITH      CLERK           7902 17-DEC-80        800                    20       11600                                                                                                       
      7499 ALLEN      SALESMAN        7698 20-FEB-81       1600        300         30       21200                                                                                                       
      7521 WARD       SALESMAN        7698 22-FEB-81       1250        500         30       17000                                                                                                       
      7566 JONES      MANAGER         7839 02-APR-81       2975                    20       37700                                                                                                       
      7654 MARTIN     SALESMAN        7698 28-SEP-81       1250       1400         30       17000                                                                                                       
      7698 BLAKE      MANAGER         7839 01-MAY-81       2850                    30       36200                                                                                                       
      7782 CLARK      MANAGER         7839 09-JUN-81       2450                    10       31400                                                                                                       
      7788 SCOTT      ANALYST         7566 19-APR-87       3000                    20       38000                                                                                                       
      7839 KING       PRESIDENT            17-NOV-81       5000                    10       62000                                                                                                       
      7844 TURNER     SALESMAN        7698 08-SEP-81       1500          0         30       20000                                                                                                       
      7876 ADAMS      CLERK           7788 23-MAY-87       1100                    20       15200                                                                                                       
      7900 JAMES      CLERK           7698 03-DEC-81        950                    30       13400                                                                                                       
      7902 FORD       ANALYST         7566 03-DEC-81       3000                    20       38000                                                                                                       
      7934 MILLER     CLERK           7782 23-JAN-82       1300                    10       17600                                                                                                       

14 rows selected.

SQL> SELECT NAME,SAL,SAL+SAL*0.5
  2  FROM EMP;
SELECT NAME,SAL,SAL+SAL*0.5
       *
ERROR at line 1:
ORA-00904: "NAME": invalid identifier 


SQL> SELECT ENAME,SAL,SAL+SAL*0.5
  2  FROM EMP;

ENAME             SAL SAL+SAL*0.5                                                                                                                                                                       
---------- ---------- -----------                                                                                                                                                                       
SMITH             800        1200                                                                                                                                                                       
ALLEN            1600        2400                                                                                                                                                                       
WARD             1250        1875                                                                                                                                                                       
JONES            2975      4462.5                                                                                                                                                                       
MARTIN           1250        1875                                                                                                                                                                       
BLAKE            2850        4275                                                                                                                                                                       
CLARK            2450        3675                                                                                                                                                                       
SCOTT            3000        4500                                                                                                                                                                       
KING             5000        7500                                                                                                                                                                       
TURNER           1500        2250                                                                                                                                                                       
ADAMS            1100        1650                                                                                                                                                                       
JAMES             950        1425                                                                                                                                                                       
FORD             3000        4500                                                                                                                                                                       
MILLER           1300        1950                                                                                                                                                                       

14 rows selected.

SQL> SELECT SAL
  2  
SQL> SELECT SAL+NVL(COMM,0(
  2  
SQL> 
SQL> SELECT SAL+NVL(COMM,0)ASTOTAL_SALARY
  2  FROM EMP;

ASTOTAL_SALARY                                                                                                                                                                                          
--------------                                                                                                                                                                                          
           800                                                                                                                                                                                          
          1900                                                                                                                                                                                          
          1750                                                                                                                                                                                          
          2975                                                                                                                                                                                          
          2650                                                                                                                                                                                          
          2850                                                                                                                                                                                          
          2450                                                                                                                                                                                          
          3000                                                                                                                                                                                          
          5000                                                                                                                                                                                          
          1500                                                                                                                                                                                          
          1100                                                                                                                                                                                          
           950                                                                                                                                                                                          
          3000                                                                                                                                                                                          
          1300                                                                                                                                                                                          

14 rows selected.

SQL> SELECT ENAME,SAL*0.5
  2  FROM EMP;

ENAME         SAL*0.5                                                                                                                                                                                   
---------- ----------                                                                                                                                                                                   
SMITH             400                                                                                                                                                                                   
ALLEN             800                                                                                                                                                                                   
WARD              625                                                                                                                                                                                   
JONES          1487.5                                                                                                                                                                                   
MARTIN            625                                                                                                                                                                                   
BLAKE            1425                                                                                                                                                                                   
CLARK            1225                                                                                                                                                                                   
SCOTT            1500                                                                                                                                                                                   
KING             2500                                                                                                                                                                                   
TURNER            750                                                                                                                                                                                   
ADAMS             550                                                                                                                                                                                   
JAMES             475                                                                                                                                                                                   
FORD             1500                                                                                                                                                                                   
MILLER            650                                                                                                                                                                                   

14 rows selected.

SQL> SELECTG ENAME,SAL-10
SP2-0734: unknown command beginning "SELECTG EN..." - rest of line ignored.
SQL> 
SQL> SELECT ENAME,SAL-10
  2  FROM EMP;

ENAME          SAL-10                                                                                                                                                                                   
---------- ----------                                                                                                                                                                                   
SMITH             790                                                                                                                                                                                   
ALLEN            1590                                                                                                                                                                                   
WARD             1240                                                                                                                                                                                   
JONES            2965                                                                                                                                                                                   
MARTIN           1240                                                                                                                                                                                   
BLAKE            2840                                                                                                                                                                                   
CLARK            2440                                                                                                                                                                                   
SCOTT            2990                                                                                                                                                                                   
KING             4990                                                                                                                                                                                   
TURNER           1490                                                                                                                                                                                   
ADAMS            1090                                                                                                                                                                                   
JAMES             940                                                                                                                                                                                   
FORD             2990                                                                                                                                                                                   
MILLER           1290                                                                                                                                                                                   

14 rows selected.

SQL> SPOOL OFF
